// Jest Snapshot v1, https://goo.gl/fbAQLP

exports[`<Blocks /> should match snapshot 1`] = `
<div
  class="MuiBox-root MuiBox-root-6"
  style="width: 100%;"
/>
`;
